[18:08:15] ============================================================
[18:08:15] Simple Mod Replacer 开始  时间戳 20261005_180815
[18:08:15] ============================================================
[18:08:15] [预检] 开始检查所有路径与环境 (本阶段不修改任何文件)
[18:08:15]   [OK] 新版压缩包存在 (39.9 MB): D:\all\game\game_tool\R_B\Rocket.zip
[18:08:15]   [信息] 将清理服务: WinDivert, WinDivert14
[18:08:15]   [信息] 将清理注册表值: HKLM:\SOFTWARE\SystemRuntimeData -> Rocket_id
[18:08:15]   [信息] 将清理桌面快捷方式: Rocket.lnk
[18:08:15]   ............................................................
[18:08:15]   [警告] 旧程序目录当前不存在(全新安装模式), 将只部署新版: D:\all\game\game_tool\Rocket
[18:08:15]   [警告] Mods 源当前不存在, 部署后将创建同名空文件夹: D:\all\game\game_tool\Rocket\backing\Mods
[18:08:15] [预检] 全部通过 (无致命问题)
[18:08:15] ------------------------------------------------------------
[18:08:15] 将执行以下操作:
[18:08:15]   1. 备份 Mods : D:\all\game\game_tool\Rocket\backing\Mods -> D:\all\game\game_tool\R_B
[18:08:16]   2. 暂存解压新版(验证通过前不碰旧程序): D:\all\game\game_tool\R_B\Rocket.zip
[18:08:16]   3. 删除残留  : 服务[WinDivert, WinDivert14] / 快捷方式 / 注册表值 / 旧目录 D:\all\game\game_tool\Rocket
[18:08:16]   4. 部署新版到: D:\all\game\game_tool\Rocket
[18:08:16]   5. 还原 Mods 到原位置 (源不存在则创建空文件夹)
[18:08:16]   6. 还原验证通过后删除备份压缩包
[18:08:44] [确认] 开始执行
[18:08:44] ------------------------------------------------------------
[18:08:44] [步骤1] 跳过备份 (源为空或不存在)
[18:08:44] ------------------------------------------------------------
[18:08:44] [步骤2] 暂存解压新版到临时目录 (验证通过前不删除旧程序)
[18:08:45]   7z> 
[18:08:45]   7z> 7-Zip 26.00 (x64) : Copyright (c) 1999-2026 Igor Pavlov : 2026-02-12
[18:08:45]   7z> 
[18:08:45]   7z> Scanning the drive for archives:
[18:08:45]   7z> 1 file, 41821282 bytes (40 MiB)
[18:08:45]   7z> 
[18:08:45]   7z> Extracting archive: D:\all\game\game_tool\R_B\Rocket.zip
[18:08:49]   7z> --
[18:08:49]   7z> Path = D:\all\game\game_tool\R_B\Rocket.zip
[18:08:49]   7z> Type = zip
[18:08:49]   7z> Physical Size = 41821282
[18:08:49]   7z> 
[18:08:49]   7z> Everything is Ok
[18:08:49]   7z> 
[18:08:49]   7z> Folders: 158
[18:08:49]   7z> Files: 738
[18:08:49]   7z> Size:       82527631
[18:08:49]   7z> Compressed: 41821282
[18:08:49] [OK] 暂存解压验证通过 (6 个顶层项), 位于 C:\Users\LimengY\AppData\Local\Temp\SMR_stage_20261005_180815
[18:08:49] ------------------------------------------------------------
[18:08:49] [步骤3] 删除残留
[18:08:49]   [跳过] 服务 WinDivert 不存在
[18:08:49]   [跳过] 服务 WinDivert14 不存在
[18:08:49]   [跳过] 快捷方式不存在: C:\Users\LimengY\Desktop\Rocket.lnk
[18:08:49]   [跳过] 注册表值不存在: Rocket_id
[18:08:49]   [跳过] 旧程序目录不存在 (全新安装)
[18:08:49] ------------------------------------------------------------
[18:08:49] [步骤4] 部署新版到目标位置
[18:09:06] [OK] 新版已部署: D:\all\game\game_tool\Rocket
[18:09:07] [校验] 新程序目录共 6 个顶层项
[18:09:07] ------------------------------------------------------------
[18:09:07] [步骤5] 还原 Mods 到原位置
[18:09:07]   [信息] 已在原位置创建同名空文件夹: D:\all\game\game_tool\Rocket\backing\Mods
[18:09:07]   [校验] Mods 目录就绪 (共 0 项): D:\all\game\game_tool\Rocket\backing\Mods
[18:09:07] ------------------------------------------------------------
[18:09:07] ============================================================
[18:09:07] 全部流程结束  时间戳 20261005_180815
[18:09:07] 详细日志: C:\Users\LimengY\Documents\trae_projects\1\SimpleModReplacer\SimpleModReplacer_20261005_180815.log
[18:09:07] ============================================================
